// Jest Snapshot v1, https://goo.gl/fbAQLP

exports[`render the project page 1`] = `
<div
  className="container mx-auto px-8 py-6"
/>
`;
